
> frontend@0.1.0 build
> next build

node.exe : 
[baseline-browser-mapping] The 
data in this module is over two 
months old.  To ensure accurate 
Baseline data, please update: `npm 
i baseline-browser-mapping@latest 
-D`
At line:1 char:1
+ & "C:\Program 
Files\nodejs/node.exe" "C:\Program 
Files\nodejs/node_mo ...
+ ~~~~~~~~~~~~~~~~~~~~~~~~~~~~~~~~~
~~~~~~~~~~~~~~~~~~~~~~~~~~~~~~~~~~~
~
    + CategoryInfo          : NotS 
   pecified: ([baseline-brows...p  
  ing@latest -D`:String) [], Rem   
 oteException
    + FullyQualifiedErrorId : Nati 
   veCommandError
 
   Γû▓ Next.js 16.0.6 (Turbopack)
   - Environments: .env.local

   Running TypeScript ...
   Creating an optimized production build ...
[baseline-browser-mapping] The 
data in this module is over two 
months old.  To ensure accurate 
Baseline data, please update: `npm 
i baseline-browser-mapping@latest 
-D`
[baseline-browser-mapping] The 
data in this module is over two 
months old.  To ensure accurate 
Baseline data, please update: `npm 
i baseline-browser-mapping@latest 
-D`

> Build error occurred
Error: Turbopack build failed with 
8 errors:
./pages/solutions/ai-data.js:5:1
Module not found: Can't resolve 
'../../components/SectionTitle'
[0m [90m 3 |[39m 
[36mimport[39m [33mFooter[39m 
[36mfrom[39m [32m'../../componen
ts/Footer'[39m[33m;[39m
 [90m 4 |[39m [36mimport[39m 
[33mButton[39m [36mfrom[39m [3
2m'../../components/Button'[39m[3
3m;[39m
[31m[1m>[22m[39m[90m 5 |[39m 
[36mimport[39m 
[33mSectionTitle[39m 
[36mfrom[39m [32m'../../componen
ts/SectionTitle'[39m[33m;[39m
 [90m   |[39m [31m[1m^[22m[39
m[31m[1m^[22m[39m[31m[1m^[22
m[39m[31m[1m^[22m[39m[31m[1m
^[22m[39m[31m[1m^[22m[39m[31
m[1m^[22m[39m[31m[1m^[22m[39
m[31m[1m^[22m[39m[31m[1m^[22
m[39m[31m[1m^[22m[39m[31m[1m
^[22m[39m[31m[1m^[22m[39m[31
m[1m^[22m[39m[31m[1m^[22m[39
m[31m[1m^[22m[39m[31m[1m^[22
m[39m[31m[1m^[22m[39m[31m[1m
^[22m[39m[31m[1m^[22m[39m[31
m[1m^[22m[39m[31m[1m^[22m[39
m[31m[1m^[22m[39m[31m[1m^[22
m[39m[31m[1m^[22m[39m[31m[1m
^[22m[39m[31m[1m^[22m[39m[31
m[1m^[22m[39m[31m[1m^[22m[39
m[31m[1m^[22m[39m[31m[1m^[22
m[39m[31m[1m^[22m[39m[31m[1m
^[22m[39m[31m[1m^[22m[39m[31
m[1m^[22m[39m[31m[1m^[22m[39
m[31m[1m^[22m[39m[31m[1m^[22
m[39m[31m[1m^[22m[39m[31m[1m
^[22m[39m[31m[1m^[22m[39m[31
m[1m^[22m[39m[31m[1m^[22m[39
m[31m[1m^[22m[39m[31m[1m^[22
m[39m[31m[1m^[22m[39m[31m[1m
^[22m[39m[31m[1m^[22m[39m[31
m[1m^[22m[39m[31m[1m^[22m[39
m[31m[1m^[22m[39m[31m[1m^[22
m[39m[31m[1m^[22m[39m[31m[1m
^[22m[39m[31m[1m^[22m[39m[31
m[1m^[22m[39m[31m[1m^[22m[39
m
 [90m 6 |[39m
 [90m 7 |[39m [36mexport[39m 
[36mdefault[39m 
[36mfunction[39m 
[33mAIData[39m() {
 [90m 8 |[39m     
[36mreturn[39m ([0m



https://nextjs.org/docs/messages/mo
dule-not-found


./pages/solutions/ai-data.js:6:1
Module not found: Can't resolve 
'../../components/SectionTitle'
[0m [90m 4 |[39m 
[36mimport[39m [33mFooter[39m 
[36mfrom[39m [32m'../../componen
ts/Footer'[39m[33m;[39m
 [90m 5 |[39m [36mimport[39m 
[33mButton[39m [36mfrom[39m [3
2m'../../components/Button'[39m[3
3m;[39m
[31m[1m>[22m[39m[90m 6 |[39m 
[36mimport[39m 
[33mSectionTitle[39m 
[36mfrom[39m [32m'../../componen
ts/SectionTitle'[39m[33m;[39m
 [90m   |[39m [31m[1m^[22m[39
m[31m[1m^[22m[39m[31m[1m^[22
m[39m[31m[1m^[22m[39m[31m[1m
^[22m[39m[31m[1m^[22m[39m[31
m[1m^[22m[39m[31m[1m^[22m[39
m[31m[1m^[22m[39m[31m[1m^[22
m[39m[31m[1m^[22m[39m[31m[1m
^[22m[39m[31m[1m^[22m[39m[31
m[1m^[22m[39m[31m[1m^[22m[39
m[31m[1m^[22m[39m[31m[1m^[22
m[39m[31m[1m^[22m[39m[31m[1m
^[22m[39m[31m[1m^[22m[39m[31
m[1m^[22m[39m[31m[1m^[22m[39
m[31m[1m^[22m[39m[31m[1m^[22
m[39m[31m[1m^[22m[39m[31m[1m
^[22m[39m[31m[1m^[22m[39m[31
m[1m^[22m[39m[31m[1m^[22m[39
m[31m[1m^[22m[39m[31m[1m^[22
m[39m[31m[1m^[22m[39m[31m[1m
^[22m[39m[31m[1m^[22m[39m[31
m[1m^[22m[39m[31m[1m^[22m[39
m[31m[1m^[22m[39m[31m[1m^[22
m[39m[31m[1m^[22m[39m[31m[1m
^[22m[39m[31m[1m^[22m[39m[31
m[1m^[22m[39m[31m[1m^[22m[39
m[31m[1m^[22m[39m[31m[1m^[22
m[39m[31m[1m^[22m[39m[31m[1m
^[22m[39m[31m[1m^[22m[39m[31
m[1m^[22m[39m[31m[1m^[22m[39
m[31m[1m^[22m[39m[31m[1m^[22
m[39m[31m[1m^[22m[39m[31m[1m
^[22m[39m[31m[1m^[22m[39m[31
m[1m^[22m[39m[31m[1m^[22m[39
m
 [90m 7 |[39m [36mexport[39m 
[36mdefault[39m 
[36mfunction[39m 
[33mAIData[39m() {
 [90m 8 |[39m   [36mconst[39m 
$ [33m=[39m 
_c([35m7[39m)[33m;[39m
 [90m 9 |[39m   [36mlet[39m 
t0[33m;[39m[0m



https://nextjs.org/docs/messages/mo
dule-not-found


./pages/solutions/automation.js:5:1
Module not found: Can't resolve 
'../../components/SectionTitle'
[0m [90m 3 |[39m 
[36mimport[39m [33mFooter[39m 
[36mfrom[39m [32m'../../componen
ts/Footer'[39m[33m;[39m
 [90m 4 |[39m [36mimport[39m 
[33mButton[39m [36mfrom[39m [3
2m'../../components/Button'[39m[3
3m;[39m
[31m[1m>[22m[39m[90m 5 |[39m 
[36mimport[39m 
[33mSectionTitle[39m 
[36mfrom[39m [32m'../../componen
ts/SectionTitle'[39m[33m;[39m
 [90m   |[39m [31m[1m^[22m[39
m[31m[1m^[22m[39m[31m[1m^[22
m[39m[31m[1m^[22m[39m[31m[1m
^[22m[39m[31m[1m^[22m[39m[31
m[1m^[22m[39m[31m[1m^[22m[39
m[31m[1m^[22m[39m[31m[1m^[22
m[39m[31m[1m^[22m[39m[31m[1m
^[22m[39m[31m[1m^[22m[39m[31
m[1m^[22m[39m[31m[1m^[22m[39
m[31m[1m^[22m[39m[31m[1m^[22
m[39m[31m[1m^[22m[39m[31m[1m
^[22m[39m[31m[1m^[22m[39m[31
m[1m^[22m[39m[31m[1m^[22m[39
m[31m[1m^[22m[39m[31m[1m^[22
m[39m[31m[1m^[22m[39m[31m[1m
^[22m[39m[31m[1m^[22m[39m[31
m[1m^[22m[39m[31m[1m^[22m[39
m[31m[1m^[22m[39m[31m[1m^[22
m[39m[31m[1m^[22m[39m[31m[1m
^[22m[39m[31m[1m^[22m[39m[31
m[1m^[22m[39m[31m[1m^[22m[39
m[31m[1m^[22m[39m[31m[1m^[22
m[39m[31m[1m^[22m[39m[31m[1m
^[22m[39m[31m[1m^[22m[39m[31
m[1m^[22m[39m[31m[1m^[22m[39
m[31m[1m^[22m[39m[31m[1m^[22
m[39m[31m[1m^[22m[39m[31m[1m
^[22m[39m[31m[1m^[22m[39m[31
m[1m^[22m[39m[31m[1m^[22m[39
m[31m[1m^[22m[39m[31m[1m^[22
m[39m[31m[1m^[22m[39m[31m[1m
^[22m[39m[31m[1m^[22m[39m[31
m[1m^[22m[39m[31m[1m^[22m[39
m
 [90m 6 |[39m
 [90m 7 |[39m [36mexport[39m 
[36mdefault[39m 
[36mfunction[39m 
[33mAutomation[39m() {
 [90m 8 |[39m     
[36mreturn[39m ([0m



https://nextjs.org/docs/messages/mo
dule-not-found


./pages/solutions/automation.js:6:1
Module not found: Can't resolve 
'../../components/SectionTitle'
[0m [90m 4 |[39m 
[36mimport[39m [33mFooter[39m 
[36mfrom[39m [32m'../../componen
ts/Footer'[39m[33m;[39m
 [90m 5 |[39m [36mimport[39m 
[33mButton[39m [36mfrom[39m [3
2m'../../components/Button'[39m[3
3m;[39m
[31m[1m>[22m[39m[90m 6 |[39m 
[36mimport[39m 
[33mSectionTitle[39m 
[36mfrom[39m [32m'../../componen
ts/SectionTitle'[39m[33m;[39m
 [90m   |[39m [31m[1m^[22m[39
m[31m[1m^[22m[39m[31m[1m^[22
m[39m[31m[1m^[22m[39m[31m[1m
^[22m[39m[31m[1m^[22m[39m[31
m[1m^[22m[39m[31m[1m^[22m[39
m[31m[1m^[22m[39m[31m[1m^[22
m[39m[31m[1m^[22m[39m[31m[1m
^[22m[39m[31m[1m^[22m[39m[31
m[1m^[22m[39m[31m[1m^[22m[39
m[31m[1m^[22m[39m[31m[1m^[22
m[39m[31m[1m^[22m[39m[31m[1m
^[22m[39m[31m[1m^[22m[39m[31
m[1m^[22m[39m[31m[1m^[22m[39
m[31m[1m^[22m[39m[31m[1m^[22
m[39m[31m[1m^[22m[39m[31m[1m
^[22m[39m[31m[1m^[22m[39m[31
m[1m^[22m[39m[31m[1m^[22m[39
m[31m[1m^[22m[39m[31m[1m^[22
m[39m[31m[1m^[22m[39m[31m[1m
^[22m[39m[31m[1m^[22m[39m[31
m[1m^[22m[39m[31m[1m^[22m[39
m[31m[1m^[22m[39m[31m[1m^[22
m[39m[31m[1m^[22m[39m[31m[1m
^[22m[39m[31m[1m^[22m[39m[31
m[1m^[22m[39m[31m[1m^[22m[39
m[31m[1m^[22m[39m[31m[1m^[22
m[39m[31m[1m^[22m[39m[31m[1m
^[22m[39m[31m[1m^[22m[39m[31
m[1m^[22m[39m[31m[1m^[22m[39
m[31m[1m^[22m[39m[31m[1m^[22
m[39m[31m[1m^[22m[39m[31m[1m
^[22m[39m[31m[1m^[22m[39m[31
m[1m^[22m[39m[31m[1m^[22m[39
m
 [90m 7 |[39m [36mexport[39m 
[36mdefault[39m 
[36mfunction[39m 
[33mAutomation[39m() {
 [90m 8 |[39m   [36mconst[39m 
$ [33m=[39m 
_c([35m5[39m)[33m;[39m
 [90m 9 |[39m   [36mlet[39m 
t0[33m;[39m[0m



https://nextjs.org/docs/messages/mo
dule-not-found


./pages/solutions/cybersecurity.js:
5:1
Module not found: Can't resolve 
'../../components/SectionTitle'
[0m [90m 3 |[39m 
[36mimport[39m [33mFooter[39m 
[36mfrom[39m [32m'../../componen
ts/Footer'[39m[33m;[39m
 [90m 4 |[39m [36mimport[39m 
[33mButton[39m [36mfrom[39m [3
2m'../../components/Button'[39m[3
3m;[39m
[31m[1m>[22m[39m[90m 5 |[39m 
[36mimport[39m 
[33mSectionTitle[39m 
[36mfrom[39m [32m'../../componen
ts/SectionTitle'[39m[33m;[39m
 [90m   |[39m [31m[1m^[22m[39
m[31m[1m^[22m[39m[31m[1m^[22
m[39m[31m[1m^[22m[39m[31m[1m
^[22m[39m[31m[1m^[22m[39m[31
m[1m^[22m[39m[31m[1m^[22m[39
m[31m[1m^[22m[39m[31m[1m^[22
m[39m[31m[1m^[22m[39m[31m[1m
^[22m[39m[31m[1m^[22m[39m[31
m[1m^[22m[39m[31m[1m^[22m[39
m[31m[1m^[22m[39m[31m[1m^[22
m[39m[31m[1m^[22m[39m[31m[1m
^[22m[39m[31m[1m^[22m[39m[31
m[1m^[22m[39m[31m[1m^[22m[39
m[31m[1m^[22m[39m[31m[1m^[22
m[39m[31m[1m^[22m[39m[31m[1m
^[22m[39m[31m[1m^[22m[39m[31
m[1m^[22m[39m[31m[1m^[22m[39
m[31m[1m^[22m[39m[31m[1m^[22
m[39m[31m[1m^[22m[39m[31m[1m
^[22m[39m[31m[1m^[22m[39m[31
m[1m^[22m[39m[31m[1m^[22m[39
m[31m[1m^[22m[39m[31m[1m^[22
m[39m[31m[1m^[22m[39m[31m[1m
^[22m[39m[31m[1m^[22m[39m[31
m[1m^[22m[39m[31m[1m^[22m[39
m[31m[1m^[22m[39m[31m[1m^[22
m[39m[31m[1m^[22m[39m[31m[1m
^[22m[39m[31m[1m^[22m[39m[31
m[1m^[22m[39m[31m[1m^[22m[39
m[31m[1m^[22m[39m[31m[1m^[22
m[39m[31m[1m^[22m[39m[31m[1m
^[22m[39m[31m[1m^[22m[39m[31
m[1m^[22m[39m[31m[1m^[22m[39
m
 [90m 6 |[39m
 [90m 7 |[39m [36mexport[39m 
[36mdefault[39m 
[36mfunction[39m 
[33mCybersecurity[39m() {
 [90m 8 |[39m     
[36mreturn[39m ([0m



https://nextjs.org/docs/messages/mo
dule-not-found


./pages/solutions/cybersecurity.js:
6:1
Module not found: Can't resolve 
'../../components/SectionTitle'
[0m [90m 4 |[39m 
[36mimport[39m [33mFooter[39m 
[36mfrom[39m [32m'../../componen
ts/Footer'[39m[33m;[39m
 [90m 5 |[39m [36mimport[39m 
[33mButton[39m [36mfrom[39m [3
2m'../../components/Button'[39m[3
3m;[39m
[31m[1m>[22m[39m[90m 6 |[39m 
[36mimport[39m 
[33mSectionTitle[39m 
[36mfrom[39m [32m'../../componen
ts/SectionTitle'[39m[33m;[39m
 [90m   |[39m [31m[1m^[22m[39
m[31m[1m^[22m[39m[31m[1m^[22
m[39m[31m[1m^[22m[39m[31m[1m
^[22m[39m[31m[1m^[22m[39m[31
m[1m^[22m[39m[31m[1m^[22m[39
m[31m[1m^[22m[39m[31m[1m^[22
m[39m[31m[1m^[22m[39m[31m[1m
^[22m[39m[31m[1m^[22m[39m[31
m[1m^[22m[39m[31m[1m^[22m[39
m[31m[1m^[22m[39m[31m[1m^[22
m[39m[31m[1m^[22m[39m[31m[1m
^[22m[39m[31m[1m^[22m[39m[31
m[1m^[22m[39m[31m[1m^[22m[39
m[31m[1m^[22m[39m[31m[1m^[22
m[39m[31m[1m^[22m[39m[31m[1m
^[22m[39m[31m[1m^[22m[39m[31
m[1m^[22m[39m[31m[1m^[22m[39
m[31m[1m^[22m[39m[31m[1m^[22
m[39m[31m[1m^[22m[39m[31m[1m
^[22m[39m[31m[1m^[22m[39m[31
m[1m^[22m[39m[31m[1m^[22m[39
m[31m[1m^[22m[39m[31m[1m^[22
m[39m[31m[1m^[22m[39m[31m[1m
^[22m[39m[31m[1m^[22m[39m[31
m[1m^[22m[39m[31m[1m^[22m[39
m[31m[1m^[22m[39m[31m[1m^[22
m[39m[31m[1m^[22m[39m[31m[1m
^[22m[39m[31m[1m^[22m[39m[31
m[1m^[22m[39m[31m[1m^[22m[39
m[31m[1m^[22m[39m[31m[1m^[22
m[39m[31m[1m^[22m[39m[31m[1m
^[22m[39m[31m[1m^[22m[39m[31
m[1m^[22m[39m[31m[1m^[22m[39
m
 [90m 7 |[39m [36mexport[39m 
[36mdefault[39m 
[36mfunction[39m 
[33mCybersecurity[39m() {
 [90m 8 |[39m   [36mconst[39m 
$ [33m=[39m 
_c([35m5[39m)[33m;[39m
 [90m 9 |[39m   [36mlet[39m 
t0[33m;[39m[0m



https://nextjs.org/docs/messages/mo
dule-not-found


./pages/solutions/performance.js:5:
1
Module not found: Can't resolve 
'../../components/SectionTitle'
[0m [90m 3 |[39m 
[36mimport[39m [33mFooter[39m 
[36mfrom[39m [32m'../../componen
ts/Footer'[39m[33m;[39m
 [90m 4 |[39m [36mimport[39m 
[33mButton[39m [36mfrom[39m [3
2m'../../components/Button'[39m[3
3m;[39m
[31m[1m>[22m[39m[90m 5 |[39m 
[36mimport[39m 
[33mSectionTitle[39m 
[36mfrom[39m [32m'../../componen
ts/SectionTitle'[39m[33m;[39m
 [90m   |[39m [31m[1m^[22m[39
m[31m[1m^[22m[39m[31m[1m^[22
m[39m[31m[1m^[22m[39m[31m[1m
^[22m[39m[31m[1m^[22m[39m[31
m[1m^[22m[39m[31m[1m^[22m[39
m[31m[1m^[22m[39m[31m[1m^[22
m[39m[31m[1m^[22m[39m[31m[1m
^[22m[39m[31m[1m^[22m[39m[31
m[1m^[22m[39m[31m[1m^[22m[39
m[31m[1m^[22m[39m[31m[1m^[22
m[39m[31m[1m^[22m[39m[31m[1m
^[22m[39m[31m[1m^[22m[39m[31
m[1m^[22m[39m[31m[1m^[22m[39
m[31m[1m^[22m[39m[31m[1m^[22
m[39m[31m[1m^[22m[39m[31m[1m
^[22m[39m[31m[1m^[22m[39m[31
m[1m^[22m[39m[31m[1m^[22m[39
m[31m[1m^[22m[39m[31m[1m^[22
m[39m[31m[1m^[22m[39m[31m[1m
^[22m[39m[31m[1m^[22m[39m[31
m[1m^[22m[39m[31m[1m^[22m[39
m[31m[1m^[22m[39m[31m[1m^[22
m[39m[31m[1m^[22m[39m[31m[1m
^[22m[39m[31m[1m^[22m[39m[31
m[1m^[22m[39m[31m[1m^[22m[39
m[31m[1m^[22m[39m[31m[1m^[22
m[39m[31m[1m^[22m[39m[31m[1m
^[22m[39m[31m[1m^[22m[39m[31
m[1m^[22m[39m[31m[1m^[22m[39
m[31m[1m^[22m[39m[31m[1m^[22
m[39m[31m[1m^[22m[39m[31m[1m
^[22m[39m[31m[1m^[22m[39m[31
m[1m^[22m[39m[31m[1m^[22m[39
m
 [90m 6 |[39m
 [90m 7 |[39m [36mexport[39m 
[36mdefault[39m 
[36mfunction[39m 
[33mPerformanceEngineering[39m() 
{
 [90m 8 |[39m     
[36mreturn[39m ([0m



https://nextjs.org/docs/messages/mo
dule-not-found


./pages/solutions/performance.js:6:
1
Module not found: Can't resolve 
'../../components/SectionTitle'
[0m [90m 4 |[39m 
[36mimport[39m [33mFooter[39m 
[36mfrom[39m [32m'../../componen
ts/Footer'[39m[33m;[39m
 [90m 5 |[39m [36mimport[39m 
[33mButton[39m [36mfrom[39m [3
2m'../../components/Button'[39m[3
3m;[39m
[31m[1m>[22m[39m[90m 6 |[39m 
[36mimport[39m 
[33mSectionTitle[39m 
[36mfrom[39m [32m'../../componen
ts/SectionTitle'[39m[33m;[39m
 [90m   |[39m [31m[1m^[22m[39
m[31m[1m^[22m[39m[31m[1m^[22
m[39m[31m[1m^[22m[39m[31m[1m
^[22m[39m[31m[1m^[22m[39m[31
m[1m^[22m[39m[31m[1m^[22m[39
m[31m[1m^[22m[39m[31m[1m^[22
m[39m[31m[1m^[22m[39m[31m[1m
^[22m[39m[31m[1m^[22m[39m[31
m[1m^[22m[39m[31m[1m^[22m[39
m[31m[1m^[22m[39m[31m[1m^[22
m[39m[31m[1m^[22m[39m[31m[1m
^[22m[39m[31m[1m^[22m[39m[31
m[1m^[22m[39m[31m[1m^[22m[39
m[31m[1m^[22m[39m[31m[1m^[22
m[39m[31m[1m^[22m[39m[31m[1m
^[22m[39m[31m[1m^[22m[39m[31
m[1m^[22m[39m[31m[1m^[22m[39
m[31m[1m^[22m[39m[31m[1m^[22
m[39m[31m[1m^[22m[39m[31m[1m
^[22m[39m[31m[1m^[22m[39m[31
m[1m^[22m[39m[31m[1m^[22m[39
m[31m[1m^[22m[39m[31m[1m^[22
m[39m[31m[1m^[22m[39m[31m[1m
^[22m[39m[31m[1m^[22m[39m[31
m[1m^[22m[39m[31m[1m^[22m[39
m[31m[1m^[22m[39m[31m[1m^[22
m[39m[31m[1m^[22m[39m[31m[1m
^[22m[39m[31m[1m^[22m[39m[31
m[1m^[22m[39m[31m[1m^[22m[39
m[31m[1m^[22m[39m[31m[1m^[22
m[39m[31m[1m^[22m[39m[31m[1m
^[22m[39m[31m[1m^[22m[39m[31
m[1m^[22m[39m[31m[1m^[22m[39
m
 [90m 7 |[39m [36mexport[39m 
[36mdefault[39m 
[36mfunction[39m 
[33mPerformanceEngineering[39m() 
{
 [90m 8 |[39m   [36mconst[39m 
$ [33m=[39m 
_c([35m7[39m)[33m;[39m
 [90m 9 |[39m   [36mlet[39m 
t0[33m;[39m[0m



https://nextjs.org/docs/messages/mo
dule-not-found


    at <unknown> 
(./pages/solutions/ai-data.js:5:1)
    at <unknown> (https://nextjs.or
g/docs/messages/module-not-found)
    at <unknown> 
(./pages/solutions/ai-data.js:6:1)
    at <unknown> (https://nextjs.or
g/docs/messages/module-not-found)
    at <unknown> (./pages/solutions
/automation.js:5:1)
    at <unknown> (https://nextjs.or
g/docs/messages/module-not-found)
    at <unknown> (./pages/solutions
/automation.js:6:1)
    at <unknown> (https://nextjs.or
g/docs/messages/module-not-found)
    at <unknown> (./pages/solutions
/cybersecurity.js:5:1)
    at <unknown> (https://nextjs.or
g/docs/messages/module-not-found)
    at <unknown> (./pages/solutions
/cybersecurity.js:6:1)
    at <unknown> (https://nextjs.or
g/docs/messages/module-not-found)
    at <unknown> (./pages/solutions
/performance.js:5:1)
    at <unknown> (https://nextjs.or
g/docs/messages/module-not-found)
    at <unknown> (./pages/solutions
/performance.js:6:1)
    at <unknown> (https://nextjs.or
g/docs/messages/module-not-found)
